// Vitest Snapshot v1, https://vitest.dev/guide/snapshot.html

exports[`activity-box > handles failure to update the Gist 1`] = `"Error getting or update the Gist: Error: 404"`;

exports[`activity-box > updates the Gist with the expected string 1`] = `
{
  "content": "💪 Opened PR #4 in clippy/take-over-github
💪 Opened PR #3 in clippy/really-really-really-really-really...
🎉 Merged PR #2 in clippy/take-over-github
🗣 Commented on #1 in clippy/take-over-github
❗️ Opened issue #1 in clippy/take-over-github",
}
`;
